The modder has not chosen to include their source code.
Files:
UserInterfaces/Test/TestUI.xml
.vs/SilkyUIFramework/v17/HierarchyCache.v1.txt
Assets/Images/ButtonPlay.png
icon_workshop.png
Assets/Images/ButtonDelete.png
Graphics2D/Mask.xnb
Graphics2D/ColorBlock.xnb
Assets/Images/ButtonFavoriteActive.png
Assets/Images/ButtonFavoriteInactive.png
Localization/zh-Hans_Mods.SilkyUIFramework.hjson
description.txt
UserInterfaces/MouseMenuUI.xml
Localization/en-US_Mods.SilkyUIFramework.hjson
.vs/SilkyUIFramework/v18/HierarchyCache.v1.txt
Assets/Shader/BlurEffect.xnb
image-1.png
build.txt
Graphics2D/SDFRectangle.xnb
image.png
Graphics2D/SDFGraphics.xnb
icon.png
UserInterfaces/ExampleUI.xml
lib/SixLabors.ImageSharp.dll
lib/Microsoft.Extensions.DependencyInjection.dll
SilkyUIFramework.pdb
lib/Microsoft.Extensions.DependencyInjection.Abstractions.dll
build.txt
SilkyUIFramework.dll
You can find this mod's .dll files under /Users/danielhassan/Library/Application Support/Terraria/tModLoader/ModSources/ModAssemblies for easy mod collaboration!
